// Jest Snapshot v1, https://goo.gl/fbAQLP

exports[`<Launch/> tests check if <Launch/> card has rendered 1`] = `
<div>
  <WithStyles(ForwardRef(Card))
    className="makeStyles-root-1"
    onClick={[Function]}
  >
    <WithStyles(ForwardRef(CardActionArea))>
      <WithStyles(ForwardRef(CardMedia))
        className="makeStyles-media-2"
        component="iframe"
        src="https://www.youtube.com/embed/"
        title="Falcon"
      />
      <WithStyles(ForwardRef(CardContent))>
        <WithStyles(ForwardRef(Typography))
          component="h2"
          gutterBottom={true}
          variant="h5"
        >
          Mission: 
          Falcon
           (
          )
        </WithStyles(ForwardRef(Typography))>
        <WithStyles(ForwardRef(Typography))
          component="h2"
          gutterBottom={true}
          style={
            Object {
              "color": "#9e9e9e",
            }
          }
          variant="subtitle1"
        />
      </WithStyles(ForwardRef(CardContent))>
    </WithStyles(ForwardRef(CardActionArea))>
    <WithStyles(ForwardRef(CardActions))
      className="makeStyles-action_container-3"
    >
      <WithStyles(ForwardRef(Button))
        disabled={true}
        size="small"
        variant="contained"
      >
        N/A
      </WithStyles(ForwardRef(Button))>
    </WithStyles(ForwardRef(CardActions))>
  </WithStyles(ForwardRef(Card))>
  <WithStyles(ForwardRef(Dialog))
    TransitionComponent={
      Object {
        "$$typeof": Symbol(react.forward_ref),
        "render": [Function],
      }
    }
    fullScreen={true}
    onClose={[Function]}
    open={false}
  >
    <WithStyles(ForwardRef(AppBar))
      className="makeStyles-appBar-5"
    >
      <WithStyles(ForwardRef(Toolbar))>
        <WithStyles(ForwardRef(IconButton))
          aria-label="close"
          color="inherit"
          edge="start"
          onClick={[Function]}
        >
          <CloseIcon />
        </WithStyles(ForwardRef(IconButton))>
        <WithStyles(ForwardRef(Typography))
          className="makeStyles-title-6"
          variant="h6"
        >
          Falcon
        </WithStyles(ForwardRef(Typography))>
      </WithStyles(ForwardRef(Toolbar))>
    </WithStyles(ForwardRef(AppBar))>
    <LaunchDetailsContainerComponent
      launch={
        Object {
          "flight_number": 1,
          "links": Object {
            "video_link": "",
          },
          "mission_name": "Falcon",
        }
      }
    />
  </WithStyles(ForwardRef(Dialog))>
</div>
`;
